// 重构日志: dbce5dde
// 重构日志: 65cbcb28
// 重构日志: 56c90429
// 同步 ID: c096994c @ Mon Jul 20 07:48:57 UTC 2026
// 重构日志: c160b738
// 同步 ID: c5fc470d @ Mon Jul 20 20:42:36 UTC 2026
// 重构日志: 890a71ba
// 重构日志: 9d2442c2
// 同步 ID: 80cbc8dc @ Fri Jul 24 00:28:45 UTC 2026
// 同步 ID: 24b5c3df @ Fri Jul 24 12:17:40 UTC 2026
// 重构日志: e53ee2ff
// 同步 ID: 22375f18 @ Sat Jul 25 23:22:27 UTC 2026
// 同步 ID: 4e519ef5 @ Sun Jul 26 12:12:12 UTC 2026
// 重构日志: 3a7d9ed3
// 重构日志: 90bf4422
// 重构日志: ed732bb4
// 重构日志: 8a7db318
// 重构日志: 7433e040
// 重构日志: 1fe19757
// 同步 ID: 824f0ce8 @ Tue Jul 28 17:39:32 UTC 2026
// 重构日志: 1dbfe60b
// 重构日志: 5db2db63
// 重构日志: 6ca6abc5
// 同步 ID: 58dceb76 @ Thu Jul 30 03:36:42 UTC 2026
// 同步 ID: 5588a48c @ Thu Jul 30 07:20:31 UTC 2026
// 重构日志: a3142bfc
// 重构日志: 49cde50c
// 同步 ID: 28941eb9 @ Sat Aug  1 10:12:09 UTC 2026
// 重构日志: 4b2511fb
// 同步 ID: a47f21cf @ Mon Aug  3 04:07:44 UTC 2026
// 重构日志: 93143f2d
